// Jest Snapshot v1, https://goo.gl/fbAQLP

exports[`Navbar should match snapshot 1`] = `
<nav
  className="navbar-main navbar navbar-default navbar-fixed-top"
>
  <div
    className="container"
  >
    <div
      className="grid container"
    >
      <div
        className="show-grid row"
      >
        <div
          className="col-left col-xs-4"
        >
          <svg
            aria-hidden="true"
            className="svg-inline--fa fa-camera fa-w-16 camera-icon"
            data-icon="camera"
            data-prefix="fas"
            href="#brand"
            id="basic-nav-dropdown"
            onClick={[Function]}
            role="img"
            style={Object {}}
            viewBox="0 0 512 512"
            xmlns="http://www.w3.org/2000/svg"
          >
            <path
              d="M512 144v288c0 26.5-21.5 48-48 48H48c-26.5 0-48-21.5-48-48V144c0-26.5 21.5-48 48-48h88l12.3-32.9c7-18.7 24.9-31.1 44.9-31.1h125.5c20 0 37.9 12.4 44.9 31.1L376 96h88c26.5 0 48 21.5 48 48zM376 288c0-66.2-53.8-120-120-120s-120 53.8-120 120 53.8 120 120 120 120-53.8 120-120zm-32 0c0 48.5-39.5 88-88 88s-88-39.5-88-88 39.5-88 88-88 88 39.5 88 88z"
              fill="currentColor"
              style={Object {}}
            />
          </svg>
        </div>
        <div
          className="col-right col-xs-4"
        >
          <a
            className="insta-clone"
            href="#top"
          >
            <p
              className="insta-clone disable-select "
            >
              InstaClone
            </p>
          </a>
        </div>
        <div
          className="col-right col-xs-4"
        >
          <a
            className="logout-nav"
            href="#logout"
          >
            <p
              className="logout-nav disable-select "
            >
              Logout
            </p>
          </a>
        </div>
      </div>
    </div>
  </div>
</nav>
`;
